// Jest Snapshot v1, https://goo.gl/fbAQLP

exports[`renders "AlertBox" 1`] = `
<div
  class="sc-htpNat jKptkh"
>
  <div
    class="sc-bxivhb hftzEY"
  />
  <div
    class="sc-ifAKCX bMRZaQ"
  >
    <h5
      class="sc-bwzfXH eeIVmL"
    >
      title test example
    </h5>
    <p
      class="sc-bdVaJa hKtTjA"
    >
      Lorem ipsum dolor sit amet, consectetur adipiscing elit. Proin aliquet nulla a consectetur porta. In massa lacus, condimentum a turpis at, rutrum suscipit metus. Morbi sit amet odio eget tortor bibendum pulvinar. Proin varius ac leo eu bibendum. Etiam eu lectus non nibh gravida mollis.
    </p>
  </div>
</div>
`;
