// Jest Snapshot v1, https://goo.gl/fbAQLP

exports[`renders "MapLink" with buttonTitle 1`] = `
<div
  class="sc-htpNat jOIFTF"
>
  <img
    class="sc-bxivhb jcNPuI"
    alt="map"
    src="https://resources.entrenar.me/static/images/list/map.svg"
  />
  <button
    tabindex="0"
    class="MuiButtonBase-root-25 MuiButton-root-1 MuiButton-text-3 MuiButton-flat-6 sc-ifAKCX hSbmtv sc-bdVaJa gyItIq"
    type="button"
    options="[object Object]"
  >
    <span
      class="MuiButton-label-2"
    >
      <span>
        Ver mapa
      </span>
    </span>
    <span
      class="MuiTouchRipple-root-28"
    />
  </button>
</div>
`;
